// Jest Snapshot v1, https://goo.gl/fbAQLP

exports[`PluginBox renders ErrorBox when editSchema is null 1`] = `
<div
  class="css-133ygyc"
  data-testid="plugin-box-error"
>
  Plugin 
  <code
    class="chakra-code css-1fu8sp0"
  >
    TestPlugin
  </code>
   has no edit schema.
</div>
`;
